// Jest Snapshot v1, https://goo.gl/fbAQLP

exports[`<AsideFilter /> and BookContext should remove <FilterCard /> component 1`] = `
<div
  className="relative flex flex- border border-slate-400 px-2 justify-center w-5/6 sm:w-1/2 mx-auto my-3 md:mx-0 md:w-full text-sm"
  data-testid="fc"
>
  <h2
    className="absolute -top-3 left-[15%] right-[15%] mx-auto text-center text-orange-600 font-bold bg-white z-1"
  >
    Filtered by
  </h2>
  <p
    className="my-3 text-center text-orange-400 font-bold"
    data-testid="fc-between"
  >
    Between
     
    <span
      className="font-normal text-slate-800"
    >
      $
      11
    </span>
     and
     
    <span
      className="font-normal text-slate-800"
    >
      $
      25
    </span>
     
    <span
      className="text-green-500"
    >
      (
      280
      )
    </span>
  </p>
  <button
    className="px-2 md:p-0 text-red-700"
    data-testid="fc-btn-remove"
    onClick={[Function]}
  >
    <svg
      baseProfile="tiny"
      fill="currentColor"
      height={20}
      stroke="currentColor"
      strokeWidth="0"
      style={
        {
          "color": undefined,
        }
      }
      version="1.2"
      viewBox="0 0 24 24"
      width={20}
      xmlns="http://www.w3.org/2000/svg"
    >
      <path
        d="M12 4c-4.419 0-8 3.582-8 8s3.581 8 8 8 8-3.582 8-8-3.581-8-8-8zm3.707 10.293c.391.391.391 1.023 0 1.414-.195.195-.451.293-.707.293s-.512-.098-.707-.293l-2.293-2.293-2.293 2.293c-.195.195-.451.293-.707.293s-.512-.098-.707-.293c-.391-.391-.391-1.023 0-1.414l2.293-2.293-2.293-2.293c-.391-.391-.391-1.023 0-1.414s1.023-.391 1.414 0l2.293 2.293 2.293-2.293c.391-.391 1.023-.391 1.414 0s.391 1.023 0 1.414l-2.293 2.293 2.293 2.293z"
      />
    </svg>
  </button>
</div>
`;

exports[`<AsideFilter /> and BookContext should remove <FilterCard /> component 2`] = `
<aside
  className="relative border w-full h-96 border-slate-400 mt-4"
>
  <h2
    className="absolute w-3/4 -top-4 left-5 text-orange-600 text-center text-xl bg-white "
  >
    Filter By
  </h2>
  <h3
    className="mt-3 bg-orange-100 text-center font-bold"
  >
    Price
  </h3>
  <ul
    className="px-2"
  >
    <li
      className="flex items-center text-sm text-slate-500 hover:text-slate-900 hover:cursor-pointer"
      data-testid="li-1"
      onClick={[Function]}
    >
      <svg
        fill="currentColor"
        height="17"
        stroke="currentColor"
        strokeWidth="0"
        style={
          {
            "color": undefined,
          }
        }
        viewBox="0 0 512 512"
        width="17"
        xmlns="http://www.w3.org/2000/svg"
      >
        <path
          d="M192 128l128 128-128 128z"
        />
      </svg>
      <p>
        All
         
        <span>
          (
          518
          )
        </span>
      </p>
    </li>
    <li
      className="flex items-center text-sm text-slate-500 hover:text-slate-900 hover:cursor-pointer"
      onClick={[Function]}
    >
      <svg
        fill="currentColor"
        height="17"
        stroke="currentColor"
        strokeWidth="0"
        style={
          {
            "color": undefined,
          }
        }
        viewBox="0 0 512 512"
        width="17"
        xmlns="http://www.w3.org/2000/svg"
      >
        <path
          d="M192 128l128 128-128 128z"
        />
      </svg>
      <p>
        $1 ~ $10
         
        <span>
          (
          184
          )
        </span>
      </p>
    </li>
    <li
      className="flex items-center text-sm text-slate-500 hover:text-slate-900 hover:cursor-pointer"
      data-testid="li-3"
      onClick={[Function]}
    >
      <svg
        fill="currentColor"
        height="17"
        stroke="currentColor"
        strokeWidth="0"
        style={
          {
            "color": undefined,
          }
        }
        viewBox="0 0 512 512"
        width="17"
        xmlns="http://www.w3.org/2000/svg"
      >
        <path
          d="M192 128l128 128-128 128z"
        />
      </svg>
      <p>
        $11 ~ $25
         
        <span>
          (
          280
          )
        </span>
      </p>
    </li>
    <li
      className="flex items-center text-sm text-slate-500 hover:text-slate-900 hover:cursor-pointer"
      onClick={[Function]}
    >
      <svg
        fill="currentColor"
        height="17"
        stroke="currentColor"
        strokeWidth="0"
        style={
          {
            "color": undefined,
          }
        }
        viewBox="0 0 512 512"
        width="17"
        xmlns="http://www.w3.org/2000/svg"
      >
        <path
          d="M192 128l128 128-128 128z"
        />
      </svg>
      <p>
        $26 ~ $50
         
        <span>
          (
          40
          )
        </span>
      </p>
    </li>
    <li
      className="flex items-center text-sm text-slate-500 hover:text-slate-900 hover:cursor-pointer"
      onClick={[Function]}
    >
      <svg
        fill="currentColor"
        height="17"
        stroke="currentColor"
        strokeWidth="0"
        style={
          {
            "color": undefined,
          }
        }
        viewBox="0 0 512 512"
        width="17"
        xmlns="http://www.w3.org/2000/svg"
      >
        <path
          d="M192 128l128 128-128 128z"
        />
      </svg>
      <p>
        $51 ~ $100
         
        <span>
          (
          13
          )
        </span>
      </p>
    </li>
    <li
      className="flex items-center text-sm text-slate-500 hover:text-slate-900 hover:cursor-pointer"
      data-testid="li-6"
      onClick={[Function]}
    >
      <svg
        fill="currentColor"
        height="17"
        stroke="currentColor"
        strokeWidth="0"
        style={
          {
            "color": undefined,
          }
        }
        viewBox="0 0 512 512"
        width="17"
        xmlns="http://www.w3.org/2000/svg"
      >
        <path
          d="M192 128l128 128-128 128z"
        />
      </svg>
      <p>
        more than $100
         
        <span>
          (
          1
          )
        </span>
      </p>
    </li>
  </ul>
</aside>
`;
